{"synthetic": false,
 "schemaVersion": "2025-09-10",
 "outputs":
 {"o": ["be122bbb5b01950e.olean"],
  "i": "cdf69d8dc2ee6c80.ilean",
  "c": "c5d8dfe1a6d40408.c"},
 "log":
 [{"message":
   ".> LEAN_PATH=/Volumes/MacCleanerStorage/xdev/xavux/rust-linux-mini-kernel/specs/lean4/.lake/build/lib/lean /Users/xcallens/.elan/toolchains/leanprover--lean4---v4.29.1/bin/lean /Volumes/MacCleanerStorage/xdev/xavux/rust-linux-mini-kernel/specs/lean4/MVK/Phase2/Common.lean -o /Volumes/MacCleanerStorage/xdev/xavux/rust-linux-mini-kernel/specs/lean4/.lake/build/lib/lean/MVK/Phase2/Common.olean -i /Volumes/MacCleanerStorage/xdev/xavux/rust-linux-mini-kernel/specs/lean4/.lake/build/lib/lean/MVK/Phase2/Common.ilean -c /Volumes/MacCleanerStorage/xdev/xavux/rust-linux-mini-kernel/specs/lean4/.lake/build/ir/MVK/Phase2/Common.c --setup /Volumes/MacCleanerStorage/xdev/xavux/rust-linux-mini-kernel/specs/lean4/.lake/build/ir/MVK/Phase2/Common.setup.json --json",
   "level": "trace"},
  {"message":
   "MVK/Phase2/Common.lean:92:16: unused variable `offset`\n\nNote: This linter can be disabled with `set_option linter.unusedVariables false`",
   "level": "warning"},
  {"message":
   "MVK/Phase2/Common.lean:93:6: unused variable `val`\n\nNote: This linter can be disabled with `set_option linter.unusedVariables false`",
   "level": "warning"},
  {"message":
   "MVK/Phase2/Common.lean:97:16: unused variable `val`\n\nNote: This linter can be disabled with `set_option linter.unusedVariables false`",
   "level": "warning"},
  {"message":
   "MVK/Phase2/Common.lean:97:26: unused variable `offset`\n\nNote: This linter can be disabled with `set_option linter.unusedVariables false`",
   "level": "warning"},
  {"message":
   "MVK/Phase2/Common.lean:107:5: unused variable `addr`\n\nNote: This linter can be disabled with `set_option linter.unusedVariables false`",
   "level": "warning"},
  {"message":
   "MVK/Phase2/Common.lean:108:32: unused variable `val`\n\nNote: This linter can be disabled with `set_option linter.unusedVariables false`",
   "level": "warning"}],
 "inputs":
 [["MVK.Phase2.Common:deps",
   [["deps",
     [["mvk_specs/MVK:extraDep", [["@mvk_specs:extraDep", "00000000000006bb"]]],
      ["imports",
       [["MVK.Phase2.Compatibility transitive imports (legacy)",
         "00000000000006bb"],
        ["MVK.Phase2.Compatibility:importAllArts", "e95129d745f0e0e4"]]]]],
    ["libs",
     [["import dynlibs",
       [["/Volumes/MacCleanerStorage/xdev/xavux/rust-linux-mini-kernel/specs/lean4/.lake/build/lib/lean/mvk__specs_MVK_Phase2_Compatibility.dylib",
         "0b759ef4f2a46e21"]]],
      ["package external libraries", "00000000000006bb"],
      ["module dynlibs", "00000000000006bb"],
      ["module plugins", "00000000000006bb"]]]]],
  ["Lean 4.29.1, commit f72c35b3f637c8c6571d353742168ab66cc22c00",
   "fa77a35a41db35c0"],
  ["/Volumes/MacCleanerStorage/xdev/xavux/rust-linux-mini-kernel/specs/lean4/MVK/Phase2/Common.lean",
   "774c6a5927b0f065"],
  ["options", "00000000000006bb"],
  ["isModule: false", "feefd2a0d3a1847e"],
  ["Module.name: MVK.Phase2.Common", "f8815b0bf893311f"],
  ["Package.id?: (some mvk_specs)", "87e214ad4fcfa210"],
  ["Module.leanArgs: #[]", "00000000000006bb"]],
 "depHash": "3dd9a4dfc9cab611"}