{"synthetic": false,
 "schemaVersion": "2025-09-10",
 "outputs":
 {"o": ["bfeb2b987068a7cd.olean"],
  "i": "3eb8395f0efa8474.ilean",
  "c": "4651659e07e1983a.c"},
 "log":
 [{"message":
   ".> LEAN_PATH=/Users/xcallens/rust-linux-mini-kernel/specs/lean4/.lake/build/lib/lean /Users/xcallens/.elan/toolchains/leanprover--lean4---v4.29.1/bin/lean /Users/xcallens/rust-linux-mini-kernel/specs/lean4/MVK/Phase2/PageAlloc.lean -o /Users/xcallens/rust-linux-mini-kernel/specs/lean4/.lake/build/lib/lean/MVK/Phase2/PageAlloc.olean -i /Users/xcallens/rust-linux-mini-kernel/specs/lean4/.lake/build/lib/lean/MVK/Phase2/PageAlloc.ilean -c /Users/xcallens/rust-linux-mini-kernel/specs/lean4/.lake/build/ir/MVK/Phase2/PageAlloc.c --setup /Users/xcallens/rust-linux-mini-kernel/specs/lean4/.lake/build/ir/MVK/Phase2/PageAlloc.setup.json --json",
   "level": "trace"},
  {"message":
   "MVK/Phase2/PageAlloc.lean:94:26: unused variable `state`\n\nNote: This linter can be disabled with `set_option linter.unusedVariables false`",
   "level": "warning"},
  {"message":
   "MVK/Phase2/PageAlloc.lean:102:24: unused variable `state`\n\nNote: This linter can be disabled with `set_option linter.unusedVariables false`",
   "level": "warning"},
  {"message":
   "MVK/Phase2/PageAlloc.lean:107:20: unused variable `state`\n\nNote: This linter can be disabled with `set_option linter.unusedVariables false`",
   "level": "warning"},
  {"message":
   "MVK/Phase2/PageAlloc.lean:108:37: unused variable `page`\n\nNote: This linter can be disabled with `set_option linter.unusedVariables false`",
   "level": "warning"},
  {"message":
   "MVK/Phase2/PageAlloc.lean:114:32: unused variable `state`\n\nNote: This linter can be disabled with `set_option linter.unusedVariables false`",
   "level": "warning"},
  {"message":
   "MVK/Phase2/PageAlloc.lean:117:5: unused variable `order`\n\nNote: This linter can be disabled with `set_option linter.unusedVariables false`",
   "level": "warning"},
  {"message":
   "MVK/Phase2/PageAlloc.lean:199:26: unused variable `state`\n\nNote: This linter can be disabled with `set_option linter.unusedVariables false`",
   "level": "warning"},
  {"message": "MVK/Phase2/PageAlloc.lean:217:8: declaration uses `sorry`",
   "level": "warning"},
  {"message": "MVK/Phase2/PageAlloc.lean:230:8: declaration uses `sorry`",
   "level": "warning"},
  {"message": "MVK/Phase2/PageAlloc.lean:274:8: declaration uses `sorry`",
   "level": "warning"},
  {"message": "MVK/Phase2/PageAlloc.lean:291:8: declaration uses `sorry`",
   "level": "warning"},
  {"message": "MVK/Phase2/PageAlloc.lean:307:8: declaration uses `sorry`",
   "level": "warning"},
  {"message": "MVK/Phase2/PageAlloc.lean:316:8: declaration uses `sorry`",
   "level": "warning"},
  {"message": "MVK/Phase2/PageAlloc.lean:327:8: declaration uses `sorry`",
   "level": "warning"},
  {"message": "MVK/Phase2/PageAlloc.lean:338:8: declaration uses `sorry`",
   "level": "warning"},
  {"message": "MVK/Phase2/PageAlloc.lean:349:8: declaration uses `sorry`",
   "level": "warning"},
  {"message": "MVK/Phase2/PageAlloc.lean:366:8: declaration uses `sorry`",
   "level": "warning"},
  {"message": "MVK/Phase2/PageAlloc.lean:375:8: declaration uses `sorry`",
   "level": "warning"},
  {"message": "MVK/Phase2/PageAlloc.lean:384:8: declaration uses `sorry`",
   "level": "warning"},
  {"message": "MVK/Phase2/PageAlloc.lean:396:8: declaration uses `sorry`",
   "level": "warning"}],
 "inputs":
 [["MVK.Phase2.PageAlloc:deps",
   [["deps",
     [["mvk_specs/MVK:extraDep", [["@mvk_specs:extraDep", "00000000000006bb"]]],
      ["imports",
       [["MVK.Phase2.Common transitive imports (legacy)", "00000000000006bb"],
        ["MVK.Phase2.Common:importAllArts", "4cf1fefd38870603"]]]]],
    ["libs",
     [["import dynlibs",
       [["/Users/xcallens/rust-linux-mini-kernel/specs/lean4/.lake/build/lib/lean/mvk__specs_MVK_Phase2_Common.dylib",
         "dbd5f7aeee020317"]]],
      ["package external libraries", "00000000000006bb"],
      ["module dynlibs", "00000000000006bb"],
      ["module plugins", "00000000000006bb"]]]]],
  ["Lean 4.29.1, commit f72c35b3f637c8c6571d353742168ab66cc22c00",
   "fa77a35a41db35c0"],
  ["/Users/xcallens/rust-linux-mini-kernel/specs/lean4/MVK/Phase2/PageAlloc.lean",
   "bed8b6337a1bc334"],
  ["options", "00000000000006bb"],
  ["isModule: false", "feefd2a0d3a1847e"],
  ["Module.name: MVK.Phase2.PageAlloc", "bd5156a1a203f2ff"],
  ["Package.id?: (some mvk_specs)", "87e214ad4fcfa210"],
  ["Module.leanArgs: #[]", "00000000000006bb"]],
 "depHash": "9d1cad2475f6c07c"}