{"synthetic": false,
 "schemaVersion": "2025-09-10",
 "outputs":
 {"o": ["d5fa1fcf8ba1c18c.olean"],
  "i": "4d8eb577dd03404c.ilean",
  "c": "85918404f9058d96.c"},
 "log":
 [{"message":
   ".> LEAN_PATH=/Volumes/MacCleanerStorage/xdev/xavux/rust-linux-mini-kernel/specs/lean4/.lake/build/lib/lean /Users/xcallens/.elan/toolchains/leanprover--lean4---v4.29.1/bin/lean /Volumes/MacCleanerStorage/xdev/xavux/rust-linux-mini-kernel/specs/lean4/MVK/Phase2/Slab.lean -o /Volumes/MacCleanerStorage/xdev/xavux/rust-linux-mini-kernel/specs/lean4/.lake/build/lib/lean/MVK/Phase2/Slab.olean -i /Volumes/MacCleanerStorage/xdev/xavux/rust-linux-mini-kernel/specs/lean4/.lake/build/lib/lean/MVK/Phase2/Slab.ilean -c /Volumes/MacCleanerStorage/xdev/xavux/rust-linux-mini-kernel/specs/lean4/.lake/build/ir/MVK/Phase2/Slab.c --setup /Volumes/MacCleanerStorage/xdev/xavux/rust-linux-mini-kernel/specs/lean4/.lake/build/ir/MVK/Phase2/Slab.setup.json --json",
   "level": "trace"},
  {"message":
   "MVK/Phase2/Slab.lean:152:27: unused variable `slab`\n\nNote: This linter can be disabled with `set_option linter.unusedVariables false`",
   "level": "warning"},
  {"message":
   "MVK/Phase2/Slab.lean:152:41: unused variable `cache`\n\nNote: This linter can be disabled with `set_option linter.unusedVariables false`",
   "level": "warning"},
  {"message":
   "MVK/Phase2/Slab.lean:157:30: unused variable `cache`\n\nNote: This linter can be disabled with `set_option linter.unusedVariables false`",
   "level": "warning"},
  {"message": "MVK/Phase2/Slab.lean:323:8: declaration uses `sorry`",
   "level": "warning"},
  {"message": "MVK/Phase2/Slab.lean:340:8: declaration uses `sorry`",
   "level": "warning"},
  {"message": "MVK/Phase2/Slab.lean:380:8: declaration uses `sorry`",
   "level": "warning"},
  {"message": "MVK/Phase2/Slab.lean:391:8: declaration uses `sorry`",
   "level": "warning"},
  {"message": "MVK/Phase2/Slab.lean:402:8: declaration uses `sorry`",
   "level": "warning"},
  {"message": "MVK/Phase2/Slab.lean:411:8: declaration uses `sorry`",
   "level": "warning"},
  {"message": "MVK/Phase2/Slab.lean:417:8: declaration uses `sorry`",
   "level": "warning"},
  {"message": "MVK/Phase2/Slab.lean:429:8: declaration uses `sorry`",
   "level": "warning"},
  {"message": "MVK/Phase2/Slab.lean:443:8: declaration uses `sorry`",
   "level": "warning"},
  {"message": "MVK/Phase2/Slab.lean:457:8: declaration uses `sorry`",
   "level": "warning"},
  {"message": "MVK/Phase2/Slab.lean:471:8: declaration uses `sorry`",
   "level": "warning"},
  {"message": "MVK/Phase2/Slab.lean:483:8: declaration uses `sorry`",
   "level": "warning"},
  {"message": "MVK/Phase2/Slab.lean:498:8: declaration uses `sorry`",
   "level": "warning"},
  {"message": "MVK/Phase2/Slab.lean:506:8: declaration uses `sorry`",
   "level": "warning"},
  {"message": "MVK/Phase2/Slab.lean:514:8: declaration uses `sorry`",
   "level": "warning"}],
 "inputs":
 [["MVK.Phase2.Slab:deps",
   [["deps",
     [["mvk_specs/MVK:extraDep", [["@mvk_specs:extraDep", "00000000000006bb"]]],
      ["imports",
       [["MVK.Phase2.Common transitive imports (legacy)", "51dbfe7a60f5a536"],
        ["MVK.Phase2.Common:importAllArts", "064f8e8ff045a665"],
        ["MVK.Phase2.PageAlloc transitive imports (legacy)",
         "fcc7c0d4780b370c"],
        ["MVK.Phase2.PageAlloc:importAllArts", "1d94a62311e8c627"]]]]],
    ["libs",
     [["import dynlibs",
       [["/Volumes/MacCleanerStorage/xdev/xavux/rust-linux-mini-kernel/specs/lean4/.lake/build/lib/lean/mvk__specs_MVK_Phase2_Compatibility.dylib",
         "0b759ef4f2a46e21"],
        ["/Volumes/MacCleanerStorage/xdev/xavux/rust-linux-mini-kernel/specs/lean4/.lake/build/lib/lean/mvk__specs_MVK_Phase2_Common.dylib",
         "40980077d36f389a"],
        ["/Volumes/MacCleanerStorage/xdev/xavux/rust-linux-mini-kernel/specs/lean4/.lake/build/lib/lean/mvk__specs_MVK_Phase2_PageAlloc.dylib",
         "83137b82149ee71a"]]],
      ["package external libraries", "00000000000006bb"],
      ["module dynlibs", "00000000000006bb"],
      ["module plugins", "00000000000006bb"]]]]],
  ["Lean 4.29.1, commit f72c35b3f637c8c6571d353742168ab66cc22c00",
   "fa77a35a41db35c0"],
  ["/Volumes/MacCleanerStorage/xdev/xavux/rust-linux-mini-kernel/specs/lean4/MVK/Phase2/Slab.lean",
   "8b863d33c7e00c50"],
  ["options", "00000000000006bb"],
  ["isModule: false", "feefd2a0d3a1847e"],
  ["Module.name: MVK.Phase2.Slab", "b513549963c2c554"],
  ["Package.id?: (some mvk_specs)", "87e214ad4fcfa210"],
  ["Module.leanArgs: #[]", "00000000000006bb"]],
 "depHash": "329a0444931957ef"}