{"synthetic": false,
 "schemaVersion": "2025-09-10",
 "outputs":
 {"o": ["a844e1cc5f78af8e.olean"],
  "i": "92efece4622d4091.ilean",
  "c": "165cdfca3bc2f40f.c"},
 "log":
 [{"message":
   ".> LEAN_PATH=/Users/xcallens/rust-linux-mini-kernel/specs/lean4/.lake/build/lib/lean /Users/xcallens/.elan/toolchains/leanprover--lean4---v4.29.1/bin/lean /Users/xcallens/rust-linux-mini-kernel/specs/lean4/MVK/Phase1/ArchSetup.lean -o /Users/xcallens/rust-linux-mini-kernel/specs/lean4/.lake/build/lib/lean/MVK/Phase1/ArchSetup.olean -i /Users/xcallens/rust-linux-mini-kernel/specs/lean4/.lake/build/lib/lean/MVK/Phase1/ArchSetup.ilean -c /Users/xcallens/rust-linux-mini-kernel/specs/lean4/.lake/build/ir/MVK/Phase1/ArchSetup.c --setup /Users/xcallens/rust-linux-mini-kernel/specs/lean4/.lake/build/ir/MVK/Phase1/ArchSetup.setup.json --json",
   "level": "trace"},
  {"message": "MVK/Phase1/ArchSetup.lean:124:8: declaration uses `sorry`",
   "level": "warning"},
  {"message":
   "MVK/Phase1/ArchSetup.lean:139:5: unused variable `state`\n\nNote: This linter can be disabled with `set_option linter.unusedVariables false`",
   "level": "warning"},
  {"message": "MVK/Phase1/ArchSetup.lean:213:8: declaration uses `sorry`",
   "level": "warning"},
  {"message":
   "MVK/Phase1/ArchSetup.lean:249:5: unused variable `state`\n\nNote: This linter can be disabled with `set_option linter.unusedVariables false`",
   "level": "warning"}],
 "inputs":
 [["MVK.Phase1.ArchSetup:deps",
   [["deps",
     [["mvk_specs/MVK:extraDep", [["@mvk_specs:extraDep", "00000000000006bb"]]],
      ["imports",
       [["MVK.Phase2.Common transitive imports (legacy)", "00000000000006bb"],
        ["MVK.Phase2.Common:importAllArts", "4cf1fefd38870603"]]]]],
    ["libs",
     [["import dynlibs",
       [["/Users/xcallens/rust-linux-mini-kernel/specs/lean4/.lake/build/lib/lean/mvk__specs_MVK_Phase2_Common.dylib",
         "dbd5f7aeee020317"]]],
      ["package external libraries", "00000000000006bb"],
      ["module dynlibs", "00000000000006bb"],
      ["module plugins", "00000000000006bb"]]]]],
  ["Lean 4.29.1, commit f72c35b3f637c8c6571d353742168ab66cc22c00",
   "fa77a35a41db35c0"],
  ["/Users/xcallens/rust-linux-mini-kernel/specs/lean4/MVK/Phase1/ArchSetup.lean",
   "66a39cbada8e533a"],
  ["options", "00000000000006bb"],
  ["isModule: false", "feefd2a0d3a1847e"],
  ["Module.name: MVK.Phase1.ArchSetup", "1fcd3032f3b91f4c"],
  ["Package.id?: (some mvk_specs)", "87e214ad4fcfa210"],
  ["Module.leanArgs: #[]", "00000000000006bb"]],
 "depHash": "084c37d4c20d8bad"}