{"synthetic": false,
 "schemaVersion": "2025-09-10",
 "outputs":
 {"o": ["446047634ff728e6.olean"],
  "i": "13f398285de9d25e.ilean",
  "c": "d1f88e8797177e98.c"},
 "log":
 [{"message":
   ".> LEAN_PATH=/Users/xcallens/rust-linux-mini-kernel/specs/lean4/.lake/build/lib/lean /Users/xcallens/.elan/toolchains/leanprover--lean4---v4.29.1/bin/lean /Users/xcallens/rust-linux-mini-kernel/specs/lean4/MVK/Phase1/InitMain.lean -o /Users/xcallens/rust-linux-mini-kernel/specs/lean4/.lake/build/lib/lean/MVK/Phase1/InitMain.olean -i /Users/xcallens/rust-linux-mini-kernel/specs/lean4/.lake/build/lib/lean/MVK/Phase1/InitMain.ilean -c /Users/xcallens/rust-linux-mini-kernel/specs/lean4/.lake/build/ir/MVK/Phase1/InitMain.c --setup /Users/xcallens/rust-linux-mini-kernel/specs/lean4/.lake/build/ir/MVK/Phase1/InitMain.setup.json --json",
   "level": "trace"},
  {"message":
   "MVK/Phase1/InitMain.lean:141:5: unused variable `result`\n\nNote: This linter can be disabled with `set_option linter.unusedVariables false`",
   "level": "warning"},
  {"message": "MVK/Phase1/InitMain.lean:165:8: declaration uses `sorry`",
   "level": "warning"},
  {"message":
   "MVK/Phase1/InitMain.lean:179:5: unused variable `state`\n\nNote: This linter can be disabled with `set_option linter.unusedVariables false`",
   "level": "warning"},
  {"message": "MVK/Phase1/InitMain.lean:185:8: declaration uses `sorry`",
   "level": "warning"},
  {"message": "MVK/Phase1/InitMain.lean:195:8: declaration uses `sorry`",
   "level": "warning"},
  {"message": "MVK/Phase1/InitMain.lean:203:8: declaration uses `sorry`",
   "level": "warning"},
  {"message": "MVK/Phase1/InitMain.lean:211:8: declaration uses `sorry`",
   "level": "warning"},
  {"message": "MVK/Phase1/InitMain.lean:219:8: declaration uses `sorry`",
   "level": "warning"},
  {"message": "MVK/Phase1/InitMain.lean:231:8: declaration uses `sorry`",
   "level": "warning"},
  {"message": "MVK/Phase1/InitMain.lean:240:8: declaration uses `sorry`",
   "level": "warning"},
  {"message": "MVK/Phase1/InitMain.lean:252:8: declaration uses `sorry`",
   "level": "warning"},
  {"message": "MVK/Phase1/InitMain.lean:267:8: declaration uses `sorry`",
   "level": "warning"},
  {"message": "MVK/Phase1/InitMain.lean:276:8: declaration uses `sorry`",
   "level": "warning"},
  {"message": "MVK/Phase1/InitMain.lean:319:8: declaration uses `sorry`",
   "level": "warning"}],
 "inputs":
 [["MVK.Phase1.InitMain:deps",
   [["deps",
     [["mvk_specs/MVK:extraDep", [["@mvk_specs:extraDep", "00000000000006bb"]]],
      ["imports",
       [["MVK.Phase2.Common transitive imports (legacy)", "00000000000006bb"],
        ["MVK.Phase2.Common:importAllArts", "4cf1fefd38870603"]]]]],
    ["libs",
     [["import dynlibs",
       [["/Users/xcallens/rust-linux-mini-kernel/specs/lean4/.lake/build/lib/lean/mvk__specs_MVK_Phase2_Common.dylib",
         "dbd5f7aeee020317"]]],
      ["package external libraries", "00000000000006bb"],
      ["module dynlibs", "00000000000006bb"],
      ["module plugins", "00000000000006bb"]]]]],
  ["Lean 4.29.1, commit f72c35b3f637c8c6571d353742168ab66cc22c00",
   "fa77a35a41db35c0"],
  ["/Users/xcallens/rust-linux-mini-kernel/specs/lean4/MVK/Phase1/InitMain.lean",
   "de3f50a38b8567bf"],
  ["options", "00000000000006bb"],
  ["isModule: false", "feefd2a0d3a1847e"],
  ["Module.name: MVK.Phase1.InitMain", "963ace22f27803a0"],
  ["Package.id?: (some mvk_specs)", "87e214ad4fcfa210"],
  ["Module.leanArgs: #[]", "00000000000006bb"]],
 "depHash": "f8ce93cda59a7731"}